Microchip MPLAB XC8 Compiler V2.40

Linker command line:

-W-3 \
  --edf=C:\Program Files\Microchip\xc8\v2.40\pic\dat\20220703182018_en.msgs \
  -cn -h+dist/default/production\rpm5s-pic16f690.X.production.sym \
  --cmf=dist/default/production\rpm5s-pic16f690.X.production.cmf -z \
  -Q16F690 -oC:\PROGRA~1\KMSpico\temp\xcAs7l0.5 --defsym=__MPLAB_BUILD=1 \
  --fixupoverflow=error \
  -Mdist/default/production/rpm5s-pic16f690.X.production.map \
  --md=C:\PROGRA~1\KMSpico\temp\xcAs7l0.dat -E1 -ver=XC8 Compiler \
  --acfsm=1493 -ACODE=00h-07FFhx2 -ASTRCODE=00h-0FFFh -ASTRING=00h-0FFhx16 \
  -ACONST=00h-0FFhx16 -AENTRY=00h-0FFhx16 -ACOMMON=070h-07Fh \
  -ABANK0=020h-06Fh -ABANK1=0A0h-0EFh -ABANK2=0120h-016Fh \
  -ARAM=020h-06Fh,0A0h-0EFh,0120h-016Fh \
  -AABS1=020h-07Fh,0A0h-0EFh,0120h-016Fh -ASFR0=00h-01Fh -ASFR1=080h-09Fh \
  -ASFR2=0100h-011Fh -ASFR3=0180h-01EFh -ACONFIG=02007h-02007h -DCONFIG=2 \
  -AIDLOC=02000h-02003h -DIDLOC=2 -AEEDATA=00h-0FFh/02100h \
  -peeprom_data=EEDATA -DEEDATA=2 -DCODE=2 -DSTRCODE=2 -DSTRING=2 -DCONST=2 \
  -DENTRY=2 -preset_vec=00h,intentry=04h,init,end_init -ppowerup=CODE \
  -pcinit=CODE -pfunctab=ENTRY -k C:\PROGRA~1\KMSpico\temp\xcAs7l0.o \
  dist/default/production\rpm5s-pic16f690.X.production.o 

Object code version is 3.11

Machine type is 16F690



                Name                               Link     Load   Length Selector   Space Scale
C:\PROGRA~1\KMSpico\temp\xcAs7l0.o
                end_init                             11       11        2        8       0
                reset_vec                             0        0        2        0       0
                config                             2007     2007        1        0       4
                idloc                              2000     2000        4        0       5
dist/default/production\rpm5s-pic16f690.X.production.o
                cinit                                13       13       26        8       0
                intentry                              4        4        D        8       0
                config                             2007     2007        1        0       4
                idloc                              2000     2000        4        0       5
                text18                               39       39       ED        8       0
                text17                              43F      43F       66        8       0
                text16                              360      360       70        8       0
                text15                              533      533       46        8       0
                text14                              126      126       C5        8       0
                text13                              674      674        D      C3E       0
                text12                              681      681        B      C3E       0
                text11                              665      665        F      C3E       0
                text10                              1EB      1EB       8A        8       0
                text9                               4A5      4A5       48        8       0
                text8                               2ED      2ED       73        8       0
                text7                               61F      61F       1B      C3E       0
                text6                               5B5      5B5       3B        8       0
                text5                               654      654       11      C3E       0
                text4                               63A      63A       1A      C3E       0
                text3                               4ED      4ED       46        8       0
                text2                               579      579       3C        8       0
                text1                               275      275       78        8       0
                maintext                            3D0      3D0       6F        8       0
                cstackBANK0                          20       20       2E       20       1
                cstackCOMMON                         70       70        E       70       1
                cstackBANK1                          A0       A0       12       A0       1
                bssBANK1                             B4       B4        2       A0       1
                dataBANK0                            57       57        5       20       1
                bssBANK0                             4E       4E        9       20       1
                nvBANK1                              B2       B2        2       A0       1
                strings                             600      600       1F      C00       0
                idataBANK0                          68C      68C        5      C3E       0

TOTAL           Name                               Link     Load   Length     Space
        CLASS   CODE           
                end_init                             11       11        2         0
                cinit                                13       13       26         0
                intentry                              4        4        D         0
                reset_vec                             0        0        2         0
                text18                               39       39       ED         0
                text17                              43F      43F       66         0
                text16                              360      360       70         0
                text15                              533      533       46         0
                text14                              126      126       C5         0
                text13                              674      674        D         0
                text12                              681      681        B         0
                text11                              665      665        F         0
                text10                              1EB      1EB       8A         0
                text9                               4A5      4A5       48         0
                text8                               2ED      2ED       73         0
                text7                               61F      61F       1B         0
                text6                               5B5      5B5       3B         0
                text5                               654      654       11         0
                text4                               63A      63A       1A         0
                text3                               4ED      4ED       46         0
                text2                               579      579       3C         0
                text1                               275      275       78         0
                maintext                            3D0      3D0       6F         0
                idataBANK0                          68C      68C        5         0

        CLASS   STRCODE        

        CLASS   STRING         
                strings                             600      600       1F         0

        CLASS   CONST          

        CLASS   ENTRY          

        CLASS   COMMON         
                cstackCOMMON                         70       70        E         1

        CLASS   BANK0          
                cstackBANK0                          20       20       2E         1
                dataBANK0                            57       57        5         1
                bssBANK0                             4E       4E        9         1

        CLASS   BANK1          
                cstackBANK1                          A0       A0       12         1
                bssBANK1                             B4       B4        2         1
                nvBANK1                              B2       B2        2         1

        CLASS   BANK2          

        CLASS   RAM            

        CLASS   ABS1           
                abs_s1                               7E       7E        2         1

        CLASS   SFR0           

        CLASS   SFR1           

        CLASS   SFR2           

        CLASS   SFR3           

        CLASS   CONFIG         
                config                             2007     2007        1         4

        CLASS   IDLOC          
                idloc                              2000     2000        4         5

        CLASS   EEDATA         

        CLASS   BANK3          

        CLASS   STACK          



SEGMENTS        Name                           Load    Length   Top    Selector   Space  Class     Delta

                reset_vec                      000000  000002  000002         0       0  CODE        2
                intentry                       000004  0005EC  0005F0         8       0  CODE        2
                cstackBANK0                    000020  00003C  00005C        20       1  BANK0       1
                cstackCOMMON                   000070  00000E  00007E        70       1  COMMON      1
                cstackBANK1                    0000A0  000016  0000B6        A0       1  BANK1       1
                strings                        000600  00001F  00061F       C00       0  STRING      2
                text7                          00061F  000072  000691       C3E       0  CODE        2


UNUSED ADDRESS RANGES

        Name                Unused          Largest block    Delta
        BANK0            005C-006F             14           1
        BANK1            00B6-00EF             3A           1
        BANK2            0120-016F             50           1
        CODE             0002-0003              2           2
                         05F0-05FF             10
                         0691-0FFF            16F
        CONST            0002-0003              2           2
                         05F0-05FF             10
                         0691-0FFF            100
        EEDATA           2100-21FF            100           2
        ENTRY            0002-0003              2           2
                         05F0-05FF             10
                         0691-0FFF            100
        RAM              005C-006F             14           1
                         00B6-00EF             3A
                         0120-016F             50
        SFR0             0000-001F             20           1
        SFR1             0080-009F             20           1
        SFR2             0100-011F             20           1
        SFR3             0180-01EF             70           1
        STRCODE          0002-0003              2           2
                         05F0-05FF             10
                         0691-0FFF            96F
        STRING           0002-0003              2           2
                         05F0-05FF             10
                         0691-0FFF            100

                                  Symbol Table

?___lldiv                     cstackBANK0  0041
?___lmul                      cstackBANK0  0034
?___lwdiv                     cstackBANK0  0034
?___lwmod                     cstackBANK0  0034
?_calculateRPM                cstackBANK0  004A
?_readFromEEPROM              cstackBANK0  0034
?i1___lldiv                   cstackCOMMON 0070
?i1___lmul                    cstackCOMMON 0070
ISR@initialCapture            bssBANK0     0052
_ANSEL                        (abs)        011E
_ANSELH                       (abs)        011F
_CCP1CONbits                  (abs)        0017
_CCP1_Initialize              text13       0674
_CCPR                         (abs)        0015
_EEADR                        (abs)        010D
_EECON1bits                   (abs)        018C
_EECON2                       (abs)        018D
_EEDATA                       (abs)        010C
_INTCONbits                   (abs)        000B
_ISR                          text14       0126
_OPTION_REGbits               (abs)        0081
_OSCCONbits                   (abs)        008F
_PIE1bits                     (abs)        008C
_PIR1bits                     (abs)        000C
_PORTAbits                    (abs)        0005
_PORTBbits                    (abs)        0006
_PORTCbits                    (abs)        0007
_PULSES_PER_REV               strings      0606
_T1CONbits                    (abs)        0010
_TMR0                         (abs)        0001
_TMR0_Initialize              text12       0681
_TMR1                         (abs)        000E
_TMR1IF                       (abs)        0060
_TMR1_Initialize              text11       0665
_TRISA                        (abs)        0085
_TRISB                        (abs)        0086
_TRISC                        (abs)        0087
__Habs1                       abs1         0000
__Hbank0                      bank0        0000
__Hbank1                      bank1        0000
__Hbank2                      bank2        0000
__Hbank3                      bank3        0000
__HbssBANK0                   bssBANK0     0000
__HbssBANK1                   bssBANK1     0000
__Hcinit                      cinit        0039
__Hclrtext                    clrtext      0000
__Hcode                       code         0000
__Hcommon                     common       0000
__Hconfig                     config       2008
__HcstackBANK0                cstackBANK0  0000
__HcstackBANK1                cstackBANK1  0000
__HcstackCOMMON               cstackCOMMON 0000
__HdataBANK0                  dataBANK0    0000
__Heeprom_data                eeprom_data  0000
__Hend_init                   end_init     0013
__Hfunctab                    functab      0000
__HidataBANK0                 idataBANK0   0000
__Hidloc                      idloc        2004
__Hinit                       init         0011
__Hintentry                   intentry     0011
__Hmaintext                   maintext     0000
__HnvBANK1                    nvBANK1      0000
__Hpowerup                    powerup      0000
__Hram                        ram          0000
__Hreset_vec                  reset_vec    0002
__Hsfr0                       sfr0         0000
__Hsfr1                       sfr1         0000
__Hsfr2                       sfr2         0000
__Hsfr3                       sfr3         0000
__Hspace_0                    (abs)        0691
__Hspace_1                    (abs)        00B6
__Hspace_2                    (abs)        0000
__Hspace_3                    (abs)        0000
__Hspace_4                    (abs)        400F
__Hstack                      stack        0000
__Hstrings                    strings      0000
__Htext                       text         0000
__Labs1                       abs1         0000
__Lbank0                      bank0        0000
__Lbank1                      bank1        0000
__Lbank2                      bank2        0000
__Lbank3                      bank3        0000
__LbssBANK0                   bssBANK0     0000
__LbssBANK1                   bssBANK1     0000
__Lcinit                      cinit        0013
__Lclrtext                    clrtext      0000
__Lcode                       code         0000
__Lcommon                     common       0000
__Lconfig                     config       0000
__LcstackBANK0                cstackBANK0  0000
__LcstackBANK1                cstackBANK1  0000
__LcstackCOMMON               cstackCOMMON 0000
__LdataBANK0                  dataBANK0    0000
__Leeprom_data                eeprom_data  0000
__Lend_init                   end_init     0011
__Lfunctab                    functab      0000
__LidataBANK0                 idataBANK0   0000
__Lidloc                      idloc        0000
__Linit                       init         0011
__Lintentry                   intentry     0004
__Lmaintext                   maintext     0000
__LnvBANK1                    nvBANK1      0000
__Lpowerup                    powerup      0000
__Lram                        ram          0000
__Lreset_vec                  reset_vec    0000
__Lsfr0                       sfr0         0000
__Lsfr1                       sfr1         0000
__Lsfr2                       sfr2         0000
__Lsfr3                       sfr3         0000
__Lspace_0                    (abs)        0000
__Lspace_1                    (abs)        0000
__Lspace_2                    (abs)        0000
__Lspace_3                    (abs)        0000
__Lspace_4                    (abs)        0000
__Lstack                      stack        0000
__Lstrings                    strings      0000
__Ltext                       text         0000
__S0                          (abs)        0691
__S1                          (abs)        00B6
__S3                          (abs)        0000
___int_sp                     stack        0000
___latbits                    (abs)        0001
___lldiv                      text10       01EB
___lldiv@counter              cstackBANK1  00A4
___lldiv@dividend             cstackBANK0  0045
___lldiv@divisor              cstackBANK0  0041
___lldiv@quotient             cstackBANK1  00A0
___lmul                       text9        04A5
___lmul@multiplicand          cstackBANK0  0038
___lmul@multiplier            cstackBANK0  0034
___lmul@product               cstackBANK0  003D
___lwdiv                      text3        04ED
___lwdiv@counter              cstackBANK0  003B
___lwdiv@dividend             cstackBANK0  0036
___lwdiv@divisor              cstackBANK0  0034
___lwdiv@quotient             cstackBANK0  0039
___lwmod                      text2        0579
___lwmod@counter              cstackBANK0  0039
___lwmod@dividend             cstackBANK0  0036
___lwmod@divisor              cstackBANK0  0034
___sp                         stack        0000
___stackhi                    (abs)        0000
___stacklo                    (abs)        0000
__end_of_CCP1_Initialize      text13       0681
__end_of_ISR                  text14       01EB
__end_of_PULSES_PER_REV       strings      0610
__end_of_TMR0_Initialize      text12       068C
__end_of_TMR1_Initialize      text11       0674
__end_of___lldiv              text10       0275
__end_of___lmul               text9        04ED
__end_of___lwdiv              text3        0533
__end_of___lwmod              text2        05B5
__end_of__initialization      cinit        0036
__end_of__stringtab           strings      0606
__end_of_calculateRPM         text8        0360
__end_of_checkSelectorToggle  text6        05F0
__end_of_digits               strings      061A
__end_of_indicators           strings      061F
__end_of_initializeIOs        text5        0665
__end_of_latchDisplay         text18       0126
__end_of_main                 maintext     043F
__end_of_readFromEEPROM       text4        0654
__end_of_setDisplay           text1        02ED
__end_of_setNumberOfSamples   text16       03D0
__end_of_writeToEEPROM        text7        063A
__end_ofi1___lldiv            text17       04A5
__end_ofi1___lmul             text15       0579
__initialization              cinit        0013
__pbssBANK0                   bssBANK0     004E
__pbssBANK1                   bssBANK1     00B4
__pcstackBANK0                cstackBANK0  0020
__pcstackBANK1                cstackBANK1  00A0
__pcstackCOMMON               cstackCOMMON 0070
__pdataBANK0                  dataBANK0    0057
__pidataBANK0                 idataBANK0   068C
__pintentry                   intentry     0004
__pmaintext                   maintext     03D0
__pnvBANK1                    nvBANK1      00B2
__pstrings                    strings      0600
__ptext1                      text1        0275
__ptext10                     text10       01EB
__ptext11                     text11       0665
__ptext12                     text12       0681
__ptext13                     text13       0674
__ptext14                     text14       0126
__ptext15                     text15       0533
__ptext16                     text16       0360
__ptext17                     text17       043F
__ptext18                     text18       0039
__ptext2                      text2        0579
__ptext3                      text3        04ED
__ptext4                      text4        063A
__ptext5                      text5        0654
__ptext6                      text6        05B5
__ptext7                      text7        061F
__ptext8                      text8        02ED
__ptext9                      text9        04A5
__stringbase                  strings      0605
__stringtab                   strings      0600
_calculateRPM                 text8        02ED
_checkSelectorToggle          text6        05B5
_digits                       strings      0610
_display                      dataBANK0    0057
_indicators                   strings      061A
_initializeIOs                text5        0654
_latchDisplay                 text18       0039
_main                         maintext     03D0
_numberOfSamples              dataBANK0    005B
_overflow_count               bssBANK1     00B5
_period                       bssBANK0     004E
_readFromEEPROM               text4        063A
_selectedIndicator            nvBANK1      00B2
_setDisplay                   text1        0275
_setNumberOfSamples           text16       0360
_shouldUpdate                 bssBANK1     00B4
_writeToEEPROM                text7        061F
btemp                         (abs)        007E
calculateRPM@rpm              cstackBANK0  004C
checkSelectorToggle@lastState bssBANK0     0056
end_of_initialization         cinit        0036
i1___lldiv                    text17       043F
i1___lldiv@counter            cstackCOMMON 007D
i1___lldiv@dividend           cstackCOMMON 0074
i1___lldiv@divisor            cstackCOMMON 0070
i1___lldiv@quotient           cstackCOMMON 0079
i1___lmul                     text15       0533
i1___lmul@multiplicand        cstackCOMMON 0074
i1___lmul@multiplier          cstackCOMMON 0070
i1___lmul@product             cstackCOMMON 0079
interrupt_function            intentry     0004
intlevel0                     functab      0000
intlevel1                     functab      0000
intlevel2                     functab      0000
intlevel3                     functab      0000
intlevel4                     functab      0000
intlevel5                     functab      0000
latchDisplay@turn             bssBANK0     0054
latchDisplay@value            cstackCOMMON 0072
main@delayCount               cstackBANK1  00B0
readFromEEPROM@address        cstackBANK0  003A
readFromEEPROM@data           cstackBANK0  0038
reset_vec                     reset_vec    0000
saved_w                       (abs)        007E
setDisplay@i                  cstackBANK1  00AE
setDisplay@value              cstackBANK1  00AC
setNumberOfSamples@period     cstackBANK0  0020
setNumberOfSamples@samples    cstackBANK0  0024
start                         init         0011
start_initialization          cinit        0013
writeToEEPROM@address         cstackBANK0  0036
writeToEEPROM@data            cstackBANK0  0034
wtemp0                        (abs)        007E


MODULE INFORMATION

Module		Function		Class		Link	Load	Size
./config.h
		_TMR1_Initialize		CODE           	0665	0000	15
		_CCP1_Initialize		CODE           	0674	0000	13
		_initializeIOs 		CODE           	0654	0000	17
		_TMR0_Initialize		CODE           	0681	0000	11

./config.h estimated size: 56

C:\Program Files\Microchip\xc8\v2.40\pic\sources\c90\common\__lldiv.c
		___lldiv       		CODE           	01EB	0000	138

C:\Program Files\Microchip\xc8\v2.40\pic\sources\c90\common\__lldiv.c estimated size: 138

./eeprom.h
		_writeToEEPROM 		CODE           	061F	0000	27
		_readFromEEPROM		CODE           	063A	0000	26

./eeprom.h estimated size: 53

C:\Program Files\Microchip\xc8\v2.40\pic\sources\c90\common\lwmod.c
		___lwmod       		CODE           	0579	0000	60

C:\Program Files\Microchip\xc8\v2.40\pic\sources\c90\common\lwmod.c estimated size: 60

shared
		_indicators    		STRING         	061A	0000	5
		__stringtab    		STRING         	0600	0000	6
		_PULSES_PER_REV		STRING         	0606	0000	10
		_digits        		STRING         	0610	0000	10
		i1___lldiv     		CODE           	043F	0000	102
		__initialization		CODE           	0013	0000	35
		i1___lmul      		CODE           	0533	0000	70

shared estimated size: 238

./display.h
		_latchDisplay  		CODE           	0039	0000	237
		_setDisplay    		CODE           	0275	0000	120

./display.h estimated size: 357

C:\Program Files\Microchip\xc8\v2.40\pic\sources\c90\common\Umul32.c
		___lmul        		CODE           	04A5	0000	72

C:\Program Files\Microchip\xc8\v2.40\pic\sources\c90\common\Umul32.c estimated size: 72

main.c
		_ISR           		CODE           	0126	0000	197
		_main          		CODE           	03D0	0000	111
		_calculateRPM  		CODE           	02ED	0000	115
		_checkSelectorToggle		CODE           	05B5	0000	59
		_setNumberOfSamples		CODE           	0360	0000	112

main.c estimated size: 594

C:\Program Files\Microchip\xc8\v2.40\pic\sources\c90\common\lwdiv.c
		___lwdiv       		CODE           	04ED	0000	70

C:\Program Files\Microchip\xc8\v2.40\pic\sources\c90\common\lwdiv.c estimated size: 70

